\BOOKMARK [1][-]{section.1}{\376\377\000E\000x\000e\000c\000u\000t\000i\000v\000e\000\040\000S\000u\000m\000m\000a\000r\000y}{}% 1
\BOOKMARK [1][-]{section.2}{\376\377\000C\000o\000d\000e\000b\000a\000s\000e\000\040\000O\000v\000e\000r\000v\000i\000e\000w}{}% 2
\BOOKMARK [2][-]{subsection.2.1}{\376\377\000F\000i\000l\000e\000\040\000I\000n\000v\000e\000n\000t\000o\000r\000y}{section.2}% 3
\BOOKMARK [2][-]{subsection.2.2}{\376\377\000S\000t\000a\000t\000i\000s\000t\000i\000c\000s}{section.2}% 4
\BOOKMARK [1][-]{section.3}{\376\377\000M\000a\000t\000h\000e\000m\000a\000t\000i\000c\000a\000l\000\040\000A\000r\000c\000h\000i\000t\000e\000c\000t\000u\000r\000e}{}% 5
\BOOKMARK [1][-]{section.4}{\376\377\000S\000o\000r\000r\000y\000\040\000I\000n\000v\000e\000n\000t\000o\000r\000y\000\040\000a\000n\000d\000\040\000A\000n\000a\000l\000y\000s\000i\000s}{}% 6
\BOOKMARK [2][-]{subsection.4.1}{\376\377\000C\000r\000i\000t\000i\000c\000a\000l\000\040\000P\000a\000t\000h\000\040\000S\000o\000r\000r\000i\000e\000s\000\040\000\050\0006\000\051}{section.4}% 7
\BOOKMARK [2][-]{subsection.4.2}{\376\377\000I\000n\000d\000e\000p\000e\000n\000d\000e\000n\000t\000\040\000S\000o\000r\000r\000i\000e\000s\000\040\000\050\0003\000\051}{section.4}% 8
\BOOKMARK [2][-]{subsection.4.3}{\376\377\000D\000e\000t\000a\000i\000l\000e\000d\000\040\000S\000o\000r\000r\000y\000\040\000A\000n\000a\000l\000y\000s\000i\000s}{section.4}% 9
\BOOKMARK [3][-]{subsubsection.4.3.1}{\376\377\000S\000o\000r\000r\000y\000\040\000\043\0001\000:\000\040\000e\000q\0002\0005\0008\000\137\000x\000C\000o\000n\000s\000\137\000y\000C\000o\000n\000s\000\137\000g\000e\000n\000e\000r\000a\000l\000\137\000g\000e\000\040\000\050\000E\000q\000u\000a\000t\000i\000o\000n\0002\0005\0008\000.\000l\000e\000a\000n\000:\0002\0008\0001\000\051}{subsection.4.3}% 10
\BOOKMARK [3][-]{subsubsection.4.3.2}{\376\377\000S\000o\000r\000r\000y\000\040\000\043\0002\000:\000\040\000e\000q\0002\0005\0008\000\137\000x\000C\000o\000n\000s\000\137\000y\000C\000o\000n\000s\000\137\000g\000e\000n\000e\000r\000a\000l\000\137\000l\000t\000\040\000\050\000E\000q\000u\000a\000t\000i\000o\000n\0002\0005\0008\000.\000l\000e\000a\000n\000:\0003\0003\0003\000\051}{subsection.4.3}% 11
\BOOKMARK [3][-]{subsubsection.4.3.3}{\376\377\000S\000o\000r\000r\000y\000\040\000\043\0003\000:\000\040\000M\000\137\000o\000p\000\137\000e\000v\000a\000l\000F\000A\0003\000\040\000\050\000P\000r\000o\000p\000e\000r\000t\000y\000I\000.\000l\000e\000a\000n\000:\0005\0004\0002\000\051}{subsection.4.3}% 12
\BOOKMARK [3][-]{subsubsection.4.3.4}{\376\377\000S\000o\000r\000r\000y\000\040\000\043\0004\000:\000\040\000m\000u\000l\000t\000\137\000a\000l\000g\000\137\000s\000u\000r\000j\000e\000c\000t\000i\000v\000i\000t\000y\000\040\000\050\000M\000a\000c\000d\000o\000n\000a\000l\000d\000.\000l\000e\000a\000n\000:\0001\0000\0002\000\051}{subsection.4.3}% 13
\BOOKMARK [3][-]{subsubsection.4.3.5}{\376\377\000S\000o\000r\000r\000y\000\040\000\043\0005\000:\000\040\000m\000a\000c\000d\000o\000n\000a\000l\000d\000\040\000\050\000M\000a\000c\000d\000o\000n\000a\000l\000d\000.\000l\000e\000a\000n\000:\0001\0005\0002\000\051}{subsection.4.3}% 14
\BOOKMARK [3][-]{subsubsection.4.3.6}{\376\377\000S\000o\000r\000r\000y\000\040\000\043\0006\000:\000\040\000f\000u\000n\000d\000a\000m\000e\000n\000t\000a\000l\000\137\000f\000o\000r\000m\000u\000l\000a\000\137\000g\000e\000n\000e\000r\000a\000l\000\040\000\050\000M\000a\000c\000d\000o\000n\000a\000l\000d\000.\000l\000e\000a\000n\000:\0002\0001\0003\000\051}{subsection.4.3}% 15
\BOOKMARK [3][-]{subsubsection.4.3.7}{\376\377\000S\000o\000r\000r\000y\000\040\000\043\0007\000:\000\040\000i\000s\000P\000o\000s\000i\000t\000i\000v\000e\000S\000q\000r\000t\000\137\000u\000n\000i\000q\000u\000e\000\040\000\050\000S\000q\000u\000a\000r\000e\000.\000l\000e\000a\000n\000:\0001\0000\0003\000\051}{subsection.4.3}% 16
\BOOKMARK [3][-]{subsubsection.4.3.8}{\376\377\000S\000o\000r\000r\000i\000e\000s\000\040\000\043\0008\040\023\0009\000:\000\040\000S\000i\000m\000p\000l\000i\000c\000i\000t\000y\000\040\000o\000f\000\040\000H\000n\000\050\000R\000\051\000,\000\040\000H\000n\000\050\000C\000\051}{subsection.4.3}% 17
\BOOKMARK [1][-]{section.5}{\376\377\000D\000e\000p\000e\000n\000d\000e\000n\000c\000y\000\040\000G\000r\000a\000p\000h\000\040\000a\000n\000d\000\040\000C\000r\000i\000t\000i\000c\000a\000l\000\040\000P\000a\000t\000h}{}% 18
\BOOKMARK [2][-]{subsection.5.1}{\376\377\000M\000a\000c\000d\000o\000n\000a\000l\000d\000\040\000C\000r\000i\000t\000i\000c\000a\000l\000\040\000P\000a\000t\000h}{section.5}% 19
\BOOKMARK [2][-]{subsection.5.2}{\376\377\000B\000e\000a\000d\000s\000\040\000I\000s\000s\000u\000e\000\040\000D\000e\000p\000e\000n\000d\000e\000n\000c\000y\000\040\000C\000h\000a\000i\000n}{section.5}% 20
\BOOKMARK [2][-]{subsection.5.3}{\376\377\000O\000t\000h\000e\000r\000\040\000B\000l\000o\000c\000k\000e\000d\000\040\000C\000h\000a\000i\000n\000s}{section.5}% 21
\BOOKMARK [1][-]{section.6}{\376\377\000D\000i\000f\000f\000i\000c\000u\000l\000t\000y\000\040\000A\000s\000s\000e\000s\000s\000m\000e\000n\000t\000\040\000a\000n\000d\000\040\000R\000e\000c\000o\000m\000m\000e\000n\000d\000a\000t\000i\000o\000n\000s}{}% 22
\BOOKMARK [2][-]{subsection.6.1}{\376\377\000D\000i\000f\000f\000i\000c\000u\000l\000t\000y\000\040\000C\000l\000a\000s\000s\000i\000f\000i\000c\000a\000t\000i\000o\000n}{section.6}% 23
\BOOKMARK [2][-]{subsection.6.2}{\376\377\000R\000e\000c\000o\000m\000m\000e\000n\000d\000e\000d\000\040\000A\000t\000t\000a\000c\000k\000\040\000O\000r\000d\000e\000r}{section.6}% 24
\BOOKMARK [2][-]{subsection.6.3}{\376\377\000R\000i\000s\000k\000\040\000A\000s\000s\000e\000s\000s\000m\000e\000n\000t}{section.6}% 25
\BOOKMARK [1][-]{section.7}{\376\377\000H\000a\000n\000c\000h\000e\000-\000O\000l\000s\000e\000n\000\040\000C\000o\000v\000e\000r\000a\000g\000e\000\040\000A\000n\000a\000l\000y\000s\000i\000s}{}% 26
\BOOKMARK [1][-]{section.8}{\376\377\000C\000o\000n\000c\000l\000u\000s\000i\000o\000n}{}% 27
