\BOOKMARK [0][-]{chapter.1}{\376\377\000I\000n\000t\000r\000o\000d\000u\000c\000t\000i\000o\000n}{}% 1
\BOOKMARK [0][-]{chapter.2}{\376\377\000C\000o\000r\000e\000\040\000D\000e\000f\000i\000n\000i\000t\000i\000o\000n\000s}{}% 2
\BOOKMARK [1][-]{section.2.1}{\376\377\000B\000a\000s\000i\000c}{chapter.2}% 3
\BOOKMARK [2][-]{subsection.2.1.1}{\376\377\000B\000a\000s\000i\000c\000\040\000P\000r\000o\000p\000e\000r\000t\000i\000e\000s}{section.2.1}% 4
\BOOKMARK [2][-]{subsection.2.1.2}{\376\377\000S\000q\000u\000a\000r\000e\000\040\000a\000n\000d\000\040\000P\000o\000w\000e\000r\000s}{section.2.1}% 5
\BOOKMARK [2][-]{subsection.2.1.3}{\376\377\000I\000d\000e\000m\000p\000o\000t\000e\000n\000t\000s}{section.2.1}% 6
\BOOKMARK [1][-]{section.2.2}{\376\377\000P\000r\000o\000d\000u\000c\000t}{chapter.2}% 7
\BOOKMARK [2][-]{subsection.2.2.1}{\376\377\000L\000e\000f\000t\000\040\000M\000u\000l\000t\000i\000p\000l\000i\000c\000a\000t\000i\000o\000n\000\040\000O\000p\000e\000r\000a\000t\000o\000r}{section.2.2}% 8
\BOOKMARK [2][-]{subsection.2.2.2}{\376\377\000J\000o\000r\000d\000a\000n\000\040\000I\000d\000e\000n\000t\000i\000t\000y\000\040\000f\000o\000r\000\040\000O\000p\000e\000r\000a\000t\000o\000r\000s}{section.2.2}% 9
\BOOKMARK [2][-]{subsection.2.2.3}{\376\377\000P\000o\000w\000e\000r\000\040\000P\000r\000o\000p\000e\000r\000t\000i\000e\000s}{section.2.2}% 10
\BOOKMARK [1][-]{section.2.3}{\376\377\000I\000s\000C\000o\000m\000m\000J\000o\000r\000d\000a\000n}{chapter.2}% 11
\BOOKMARK [2][-]{subsection.2.3.1}{\376\377\000M\000u\000l\000t\000i\000p\000l\000i\000c\000a\000t\000i\000o\000n\000\040\000I\000n\000s\000t\000a\000n\000c\000e}{section.2.3}% 12
\BOOKMARK [2][-]{subsection.2.3.2}{\376\377\000R\000i\000n\000g\000\040\000S\000t\000r\000u\000c\000t\000u\000r\000e}{section.2.3}% 13
\BOOKMARK [2][-]{subsection.2.3.3}{\376\377\000I\000s\000C\000o\000m\000m\000J\000o\000r\000d\000a\000n\000\040\000I\000n\000s\000t\000a\000n\000c\000e}{section.2.3}% 14
\BOOKMARK [2][-]{subsection.2.3.4}{\376\377\000T\000h\000e\000\040\000L\000i\000n\000e\000a\000r\000i\000z\000e\000d\000\040\000J\000o\000r\000d\000a\000n\000\040\000I\000d\000e\000n\000t\000i\000t\000y}{section.2.3}% 15
\BOOKMARK [2][-]{subsection.2.3.5}{\376\377\000C\000o\000n\000n\000e\000c\000t\000i\000o\000n\000:\000\040\000A\000d\000d\000M\000o\000n\000o\000i\000d\000.\000E\000n\000d\000.\000m\000u\000l\000L\000e\000f\000t\000\040\000t\000o\000\040\000L\000\040\000O\000p\000e\000r\000a\000t\000o\000r}{section.2.3}% 16
\BOOKMARK [1][-]{section.2.4}{\376\377\000Q\000u\000a\000d\000r\000a\000t\000i\000c}{chapter.2}% 17
\BOOKMARK [2][-]{subsection.2.4.1}{\376\377\000T\000h\000e\000\040\000Q\000u\000a\000d\000r\000a\000t\000i\000c\000\040\000U\000\040\000O\000p\000e\000r\000a\000t\000o\000r}{section.2.4}% 18
\BOOKMARK [2][-]{subsection.2.4.2}{\376\377\000B\000a\000s\000i\000c\000\040\000P\000r\000o\000p\000e\000r\000t\000i\000e\000s}{section.2.4}% 19
\BOOKMARK [2][-]{subsection.2.4.3}{\376\377\000L\000i\000n\000e\000a\000r\000i\000t\000y\000\040\000i\000n\000\040\000t\000h\000e\000\040\000S\000e\000c\000o\000n\000d\000\040\000A\000r\000g\000u\000m\000e\000n\000t}{section.2.4}% 20
\BOOKMARK [2][-]{subsection.2.4.4}{\376\377\000R\000e\000l\000a\000t\000i\000o\000n\000s\000h\000i\000p\000\040\000w\000i\000t\000h\000\040\000L\000\040\000O\000p\000e\000r\000a\000t\000o\000r}{section.2.4}% 21
\BOOKMARK [2][-]{subsection.2.4.5}{\376\377\000U\000\040\000O\000p\000e\000r\000a\000t\000o\000r\000\040\000P\000r\000o\000p\000e\000r\000t\000i\000e\000s}{section.2.4}% 22
\BOOKMARK [0][-]{chapter.3}{\376\377\000O\000p\000e\000r\000a\000t\000o\000r\000\040\000I\000d\000e\000n\000t\000i\000t\000i\000e\000s}{}% 23
\BOOKMARK [1][-]{section.3.1}{\376\377\000L\000i\000n\000e\000a\000r\000i\000z\000e\000d\000J\000o\000r\000d\000a\000n}{chapter.3}% 24
\BOOKMARK [2][-]{subsection.3.1.1}{\376\377\000F\000o\000u\000r\000-\000V\000a\000r\000i\000a\000b\000l\000e\000\040\000I\000d\000e\000n\000t\000i\000t\000y}{section.3.1}% 25
\BOOKMARK [2][-]{subsection.3.1.2}{\376\377\000P\000o\000w\000e\000r\000\040\000A\000s\000s\000o\000c\000i\000a\000t\000i\000v\000i\000t\000y}{section.3.1}% 26
\BOOKMARK [2][-]{subsection.3.1.3}{\376\377\000T\000h\000e\000\040\000F\000u\000n\000d\000a\000m\000e\000n\000t\000a\000l\000\040\000J\000o\000r\000d\000a\000n\000\040\000I\000d\000e\000n\000t\000i\000t\000y\000\040\000\050\000E\000l\000e\000m\000e\000n\000t\000\040\000F\000o\000r\000m\000\051}{section.3.1}% 27
\BOOKMARK [2][-]{subsection.3.1.4}{\376\377\000P\000o\000w\000e\000r\000\040\000A\000s\000s\000o\000c\000i\000a\000t\000i\000v\000i\000t\000y\000\040\000\050\000O\000p\000e\000r\000a\000t\000o\000r\000\040\000C\000o\000m\000m\000u\000t\000a\000t\000i\000o\000n\000\051}{section.3.1}% 28
\BOOKMARK [1][-]{section.3.2}{\376\377\000F\000u\000n\000d\000a\000m\000e\000n\000t\000a\000l\000F\000o\000r\000m\000u\000l\000a}{chapter.3}% 29
\BOOKMARK [2][-]{subsection.3.2.1}{\376\377\000T\000h\000e\000\040\000F\000u\000n\000d\000a\000m\000e\000n\000t\000a\000l\000\040\000F\000o\000r\000m\000u\000l\000a}{section.3.2}% 30
\BOOKMARK [2][-]{subsection.3.2.2}{\376\377\000C\000o\000r\000o\000l\000l\000a\000r\000i\000e\000s\000\040\000o\000f\000\040\000t\000h\000e\000\040\000F\000u\000n\000d\000a\000m\000e\000n\000t\000a\000l\000\040\000F\000o\000r\000m\000u\000l\000a}{section.3.2}% 31
\BOOKMARK [2][-]{subsection.3.2.3}{\376\377\000A\000d\000d\000i\000t\000i\000o\000n\000a\000l\000\040\000P\000r\000o\000p\000e\000r\000t\000i\000e\000s\000\040\000f\000r\000o\000m\000\040\000F\000u\000n\000d\000a\000m\000e\000n\000t\000a\000l\000\040\000F\000o\000r\000m\000u\000l\000a}{section.3.2}% 32
\BOOKMARK [1][-]{section.3.3}{\376\377\000O\000p\000e\000r\000a\000t\000o\000r\000I\000d\000e\000n\000t\000i\000t\000i\000e\000s}{chapter.3}% 33
\BOOKMARK [2][-]{subsection.3.3.1}{\376\377\000C\000o\000m\000m\000u\000t\000a\000t\000o\000r\000\040\000B\000r\000a\000c\000k\000e\000t}{section.3.3}% 34
\BOOKMARK [2][-]{subsection.3.3.2}{\376\377\000L\000i\000n\000e\000a\000r\000i\000z\000e\000d\000\040\000J\000o\000r\000d\000a\000n\000\040\000I\000d\000e\000n\000t\000i\000t\000y}{section.3.3}% 35
\BOOKMARK [2][-]{subsection.3.3.3}{\376\377\000O\000p\000e\000r\000a\000t\000o\000r\000\040\000C\000o\000m\000m\000u\000t\000a\000t\000o\000r\000\040\000w\000i\000t\000h\000\040\000S\000q\000u\000a\000r\000e\000d\000\040\000E\000l\000e\000m\000e\000n\000t}{section.3.3}% 36
\BOOKMARK [2][-]{subsection.3.3.4}{\376\377\000I\000d\000e\000m\000p\000o\000t\000e\000n\000t\000\040\000O\000p\000e\000r\000a\000t\000o\000r\000\040\000I\000d\000e\000n\000t\000i\000t\000i\000e\000s}{section.3.3}% 37
\BOOKMARK [2][-]{subsection.3.3.5}{\376\377\000U\000s\000e\000f\000u\000l\000\040\000C\000o\000m\000m\000u\000t\000a\000t\000o\000r\000\040\000P\000r\000o\000p\000e\000r\000t\000i\000e\000s}{section.3.3}% 38
\BOOKMARK [0][-]{chapter.4}{\376\377\000F\000o\000r\000m\000a\000l\000l\000y\000\040\000R\000e\000a\000l\000\040\000J\000o\000r\000d\000a\000n\000\040\000A\000l\000g\000e\000b\000r\000a\000s}{}% 39
\BOOKMARK [1][-]{section.4.1}{\376\377\000F\000o\000r\000m\000a\000l\000l\000y\000\040\000R\000e\000a\000l\000:\000\040\000D\000e\000f\000i\000n\000i\000t\000i\000o\000n\000s}{chapter.4}% 40
\BOOKMARK [2][-]{subsection.4.1.1}{\376\377\000N\000o\000\040\000N\000i\000l\000p\000o\000t\000e\000n\000t\000\040\000E\000l\000e\000m\000e\000n\000t\000s}{section.4.1}% 41
\BOOKMARK [1][-]{section.4.2}{\376\377\000F\000o\000r\000m\000a\000l\000l\000y\000\040\000R\000e\000a\000l\000:\000\040\000P\000r\000o\000p\000e\000r\000t\000i\000e\000s}{chapter.4}% 42
\BOOKMARK [1][-]{section.4.3}{\376\377\000F\000o\000r\000m\000a\000l\000l\000y\000\040\000R\000e\000a\000l\000:\000\040\000S\000q\000u\000a\000r\000e\000\040\000R\000o\000o\000t\000s}{chapter.4}% 43
\BOOKMARK [2][-]{subsection.4.3.1}{\376\377\000S\000q\000u\000a\000r\000e\000\040\000R\000o\000o\000t\000\040\000P\000r\000e\000d\000i\000c\000a\000t\000e}{section.4.3}% 44
\BOOKMARK [2][-]{subsection.4.3.2}{\376\377\000B\000a\000s\000i\000c\000\040\000P\000r\000o\000p\000e\000r\000t\000i\000e\000s}{section.4.3}% 45
\BOOKMARK [2][-]{subsection.4.3.3}{\376\377\000U\000n\000i\000q\000u\000e\000n\000e\000s\000s}{section.4.3}% 46
\BOOKMARK [2][-]{subsection.4.3.4}{\376\377\000E\000x\000i\000s\000t\000e\000n\000c\000e}{section.4.3}% 47
\BOOKMARK [1][-]{section.4.4}{\376\377\000F\000o\000r\000m\000a\000l\000l\000y\000\040\000R\000e\000a\000l\000:\000\040\000O\000r\000d\000e\000r\000e\000d\000\040\000C\000o\000n\000e}{chapter.4}% 48
\BOOKMARK [2][-]{subsection.4.4.1}{\376\377\000P\000o\000s\000i\000t\000i\000v\000e\000\040\000E\000l\000e\000m\000e\000n\000t\000s}{section.4.4}% 49
\BOOKMARK [2][-]{subsection.4.4.2}{\376\377\000P\000o\000s\000i\000t\000i\000v\000e\000\040\000C\000o\000n\000e}{section.4.4}% 50
\BOOKMARK [1][-]{section.4.5}{\376\377\000F\000o\000r\000m\000a\000l\000l\000y\000\040\000R\000e\000a\000l\000:\000\040\000S\000p\000e\000c\000t\000r\000u\000m}{chapter.4}% 51
\BOOKMARK [2][-]{subsection.4.5.1}{\376\377\000O\000r\000t\000h\000o\000g\000o\000n\000a\000l\000\040\000I\000d\000e\000m\000p\000o\000t\000e\000n\000t\000s}{section.4.5}% 52
\BOOKMARK [2][-]{subsection.4.5.2}{\376\377\000C\000o\000m\000p\000l\000e\000t\000e\000\040\000S\000y\000s\000t\000e\000m\000\040\000o\000f\000\040\000O\000r\000t\000h\000o\000g\000o\000n\000a\000l\000\040\000I\000d\000e\000m\000p\000o\000t\000e\000n\000t\000s}{section.4.5}% 53
\BOOKMARK [2][-]{subsection.4.5.3}{\376\377\000S\000p\000e\000c\000t\000r\000a\000l\000\040\000D\000e\000c\000o\000m\000p\000o\000s\000i\000t\000i\000o\000n}{section.4.5}% 54
\BOOKMARK [2][-]{subsection.4.5.4}{\376\377\000P\000r\000o\000p\000e\000r\000t\000i\000e\000s\000\040\000o\000f\000\040\000O\000r\000t\000h\000o\000g\000o\000n\000a\000l\000\040\000I\000d\000e\000m\000p\000o\000t\000e\000n\000t\000s}{section.4.5}% 55
\BOOKMARK [2][-]{subsection.4.5.5}{\376\377\000S\000p\000e\000c\000t\000r\000a\000l\000\040\000P\000r\000o\000p\000e\000r\000t\000i\000e\000s\000\040\000o\000f\000\040\000S\000q\000u\000a\000r\000e\000s}{section.4.5}% 56
\BOOKMARK [2][-]{subsection.4.5.6}{\376\377\000F\000o\000r\000m\000a\000l\000l\000y\000\040\000R\000e\000a\000l\000\040\000a\000n\000d\000\040\000S\000p\000e\000c\000t\000r\000a\000l\000\040\000P\000r\000o\000p\000e\000r\000t\000i\000e\000s}{section.4.5}% 57
\BOOKMARK [0][-]{chapter.5}{\376\377\000P\000e\000i\000r\000c\000e\000\040\000D\000e\000c\000o\000m\000p\000o\000s\000i\000t\000i\000o\000n}{}% 58
\BOOKMARK [1][-]{section.5.1}{\376\377\000P\000e\000i\000r\000c\000e}{chapter.5}% 59
\BOOKMARK [2][-]{subsection.5.1.1}{\376\377\000P\000e\000i\000r\000c\000e\000\040\000S\000p\000a\000c\000e\000\040\000D\000e\000f\000i\000n\000i\000t\000i\000o\000n}{section.5.1}% 60
\BOOKMARK [2][-]{subsection.5.1.2}{\376\377\000B\000a\000s\000i\000c\000\040\000P\000e\000i\000r\000c\000e\000\040\000S\000p\000a\000c\000e\000\040\000P\000r\000o\000p\000e\000r\000t\000i\000e\000s}{section.5.1}% 61
\BOOKMARK [2][-]{subsection.5.1.3}{\376\377\000H\000e\000l\000p\000e\000r\000\040\000L\000e\000m\000m\000a\000s\000\040\000f\000o\000r\000\040\000P\000e\000i\000r\000c\000e\000\040\000P\000o\000l\000y\000n\000o\000m\000i\000a\000l}{section.5.1}% 62
\BOOKMARK [2][-]{subsection.5.1.4}{\376\377\000P\000e\000i\000r\000c\000e\000\040\000P\000o\000l\000y\000n\000o\000m\000i\000a\000l\000\040\000I\000d\000e\000n\000t\000i\000t\000y}{section.5.1}% 63
\BOOKMARK [2][-]{subsection.5.1.5}{\376\377\000P\000e\000i\000r\000c\000e\000\040\000M\000u\000l\000t\000i\000p\000l\000i\000c\000a\000t\000i\000o\000n\000\040\000R\000u\000l\000e\000s}{section.5.1}% 64
\BOOKMARK [2][-]{subsection.5.1.6}{\376\377\000P\000e\000i\000r\000c\000e\000\040\000P\000r\000o\000j\000e\000c\000t\000i\000o\000n\000\040\000O\000p\000e\000r\000a\000t\000o\000r\000s}{section.5.1}% 65
\BOOKMARK [2][-]{subsection.5.1.7}{\376\377\000P\000e\000i\000r\000c\000e\000\040\000D\000e\000c\000o\000m\000p\000o\000s\000i\000t\000i\000o\000n\000\040\000T\000h\000e\000o\000r\000e\000m}{section.5.1}% 66
\BOOKMARK [2][-]{subsection.5.1.8}{\376\377\000P\000e\000i\000r\000c\000e\000O\000n\000e\000\040\000A\000l\000g\000e\000b\000r\000a\000i\000c\000\040\000S\000t\000r\000u\000c\000t\000u\000r\000e}{section.5.1}% 67
\BOOKMARK [1][-]{section.5.2}{\376\377\000P\000r\000i\000m\000i\000t\000i\000v\000e}{chapter.5}% 68
\BOOKMARK [2][-]{subsection.5.2.1}{\376\377\000P\000r\000i\000m\000i\000t\000i\000v\000e\000\040\000I\000d\000e\000m\000p\000o\000t\000e\000n\000t\000\040\000D\000e\000f\000i\000n\000i\000t\000i\000o\000n}{section.5.2}% 69
\BOOKMARK [2][-]{subsection.5.2.2}{\376\377\000P\000r\000o\000p\000e\000r\000t\000i\000e\000s\000\040\000o\000f\000\040\000P\000r\000i\000m\000i\000t\000i\000v\000e\000\040\000I\000d\000e\000m\000p\000o\000t\000e\000n\000t\000s}{section.5.2}% 70
\BOOKMARK [2][-]{subsection.5.2.3}{\376\377\000F\000i\000e\000l\000d\000\040\000C\000l\000a\000s\000s\000i\000f\000i\000c\000a\000t\000i\000o\000n\000\040\000R\000e\000s\000u\000l\000t\000s\000\040\000\050\000H\000-\000O\000\040\0002\000.\0002\000.\0006\000\051}{section.5.2}% 71
\BOOKMARK [2][-]{subsection.5.2.4}{\376\377\000A\000r\000t\000i\000n\000i\000a\000n\000\040\000R\000i\000n\000g\000\040\000S\000t\000r\000u\000c\000t\000u\000r\000e\000\040\000T\000h\000e\000o\000r\000e\000m\000\040\000\050\000H\000-\000O\000\040\0002\000.\0009\000.\0003\000\051}{section.5.2}% 72
\BOOKMARK [2][-]{subsection.5.2.5}{\376\377\000S\000t\000r\000o\000n\000g\000l\000y\000\040\000C\000o\000n\000n\000e\000c\000t\000e\000d\000\040\000I\000d\000e\000m\000p\000o\000t\000e\000n\000t\000s}{section.5.2}% 73
\BOOKMARK [2][-]{subsection.5.2.6}{\376\377\000S\000t\000r\000u\000c\000t\000u\000r\000e\000\040\000o\000f\000\040\000O\000r\000t\000h\000o\000g\000o\000n\000a\000l\000\040\000P\000r\000i\000m\000i\000t\000i\000v\000e\000s\000\040\000\050\000H\000-\000O\000\040\0002\000.\0009\000.\0004\000\050\000i\000v\000\051\000\051}{section.5.2}% 74
\BOOKMARK [2][-]{subsection.5.2.7}{\376\377\000D\000e\000c\000o\000m\000p\000o\000s\000i\000t\000i\000o\000n\000\040\000i\000n\000t\000o\000\040\000P\000r\000i\000m\000i\000t\000i\000v\000e\000s}{section.5.2}% 75
\BOOKMARK [1][-]{section.5.3}{\376\377\000E\000i\000g\000e\000n\000s\000p\000a\000c\000e}{chapter.5}% 76
\BOOKMARK [2][-]{subsection.5.3.1}{\376\377\000E\000i\000g\000e\000n\000s\000p\000a\000c\000e\000\040\000D\000e\000f\000i\000n\000i\000t\000i\000o\000n}{section.5.3}% 77
\BOOKMARK [2][-]{subsection.5.3.2}{\376\377\000E\000i\000g\000e\000n\000v\000a\000l\000u\000e\000\040\000a\000n\000d\000\040\000S\000p\000e\000c\000t\000r\000u\000m\000\040\000D\000e\000f\000i\000n\000i\000t\000i\000o\000n\000s}{section.5.3}% 78
\BOOKMARK [2][-]{subsection.5.3.3}{\376\377\000B\000a\000s\000i\000c\000\040\000E\000i\000g\000e\000n\000v\000a\000l\000u\000e\000\040\000P\000r\000o\000p\000e\000r\000t\000i\000e\000s}{section.5.3}% 79
\BOOKMARK [2][-]{subsection.5.3.4}{\376\377\000C\000o\000n\000n\000e\000c\000t\000i\000o\000n\000\040\000t\000o\000\040\000P\000e\000i\000r\000c\000e\000\040\000D\000e\000c\000o\000m\000p\000o\000s\000i\000t\000i\000o\000n}{section.5.3}% 80
\BOOKMARK [2][-]{subsection.5.3.5}{\376\377\000E\000i\000g\000e\000n\000s\000p\000a\000c\000e\000\040\000O\000r\000t\000h\000o\000g\000o\000n\000a\000l\000i\000t\000y}{section.5.3}% 81
\BOOKMARK [2][-]{subsection.5.3.6}{\376\377\000F\000i\000n\000i\000t\000e\000n\000e\000s\000s\000\040\000i\000n\000\040\000F\000i\000n\000i\000t\000e\000\040\000D\000i\000m\000e\000n\000s\000i\000o\000n\000s}{section.5.3}% 82
\BOOKMARK [0][-]{chapter.6}{\376\377\000S\000t\000r\000u\000c\000t\000u\000r\000e\000\040\000T\000h\000e\000o\000r\000y}{}% 83
\BOOKMARK [1][-]{section.6.1}{\376\377\000S\000i\000m\000p\000l\000e}{chapter.6}% 84
\BOOKMARK [1][-]{section.6.2}{\376\377\000S\000e\000m\000i\000s\000i\000m\000p\000l\000e}{chapter.6}% 85
\BOOKMARK [2][-]{subsection.6.2.1}{\376\377\000I\000d\000e\000a\000l\000\040\000O\000p\000e\000r\000a\000t\000i\000o\000n\000s}{section.6.2}% 86
\BOOKMARK [2][-]{subsection.6.2.2}{\376\377\000S\000e\000m\000i\000s\000i\000m\000p\000l\000e\000\040\000J\000o\000r\000d\000a\000n\000\040\000A\000l\000g\000e\000b\000r\000a\000s}{section.6.2}% 87
\BOOKMARK [1][-]{section.6.3}{\376\377\000I\000d\000e\000a\000l}{chapter.6}% 88
\BOOKMARK [1][-]{section.6.4}{\376\377\000S\000u\000b\000a\000l\000g\000e\000b\000r\000a}{chapter.6}% 89
\BOOKMARK [1][-]{section.6.5}{\376\377\000F\000i\000n\000i\000t\000e\000D\000i\000m\000e\000n\000s\000i\000o\000n\000a\000l}{chapter.6}% 90
\BOOKMARK [2][-]{subsection.6.5.1}{\376\377\000F\000i\000n\000i\000t\000e\000-\000D\000i\000m\000e\000n\000s\000i\000o\000n\000a\000l\000\040\000C\000l\000a\000s\000s}{section.6.5}% 91
\BOOKMARK [2][-]{subsection.6.5.2}{\376\377\000R\000a\000n\000k}{section.6.5}% 92
\BOOKMARK [2][-]{subsection.6.5.3}{\376\377\000B\000a\000s\000i\000s\000\040\000E\000x\000i\000s\000t\000e\000n\000c\000e}{section.6.5}% 93
\BOOKMARK [2][-]{subsection.6.5.4}{\376\377\000L\000i\000n\000e\000a\000r\000\040\000I\000n\000d\000e\000p\000e\000n\000d\000e\000n\000c\000e\000\040\000o\000f\000\040\000O\000r\000t\000h\000o\000g\000o\000n\000a\000l\000\040\000I\000d\000e\000m\000p\000o\000t\000e\000n\000t\000s}{section.6.5}% 94
\BOOKMARK [2][-]{subsection.6.5.5}{\376\377\000C\000S\000O\000I\000\040\000C\000a\000r\000d\000i\000n\000a\000l\000i\000t\000y\000\040\000B\000o\000u\000n\000d}{section.6.5}% 95
\BOOKMARK [1][-]{section.6.6}{\376\377\000T\000r\000a\000c\000e}{chapter.6}% 96
\BOOKMARK [2][-]{subsection.6.6.1}{\376\377\000T\000r\000a\000c\000e\000\040\000C\000l\000a\000s\000s}{section.6.6}% 97
\BOOKMARK [2][-]{subsection.6.6.2}{\376\377\000B\000a\000s\000i\000c\000\040\000T\000r\000a\000c\000e\000\040\000P\000r\000o\000p\000e\000r\000t\000i\000e\000s}{section.6.6}% 98
\BOOKMARK [2][-]{subsection.6.6.3}{\376\377\000T\000r\000a\000c\000e\000\040\000I\000n\000n\000e\000r\000\040\000P\000r\000o\000d\000u\000c\000t}{section.6.6}% 99
\BOOKMARK [2][-]{subsection.6.6.4}{\376\377\000N\000o\000n\000-\000d\000e\000g\000e\000n\000e\000r\000a\000c\000y}{section.6.6}% 100
\BOOKMARK [0][-]{chapter.7}{\376\377\000S\000p\000e\000c\000t\000r\000a\000l\000\040\000T\000h\000e\000o\000r\000y}{}% 101
\BOOKMARK [1][-]{section.7.1}{\376\377\000S\000p\000e\000c\000t\000r\000a\000l\000T\000h\000e\000o\000r\000e\000m}{chapter.7}% 102
\BOOKMARK [2][-]{subsection.7.1.1}{\376\377\000S\000p\000e\000c\000t\000r\000u\000m\000\040\000D\000e\000f\000i\000n\000i\000t\000i\000o\000n}{section.7.1}% 103
\BOOKMARK [2][-]{subsection.7.1.2}{\376\377\000S\000p\000e\000c\000t\000r\000a\000l\000\040\000D\000e\000c\000o\000m\000p\000o\000s\000i\000t\000i\000o\000n\000\040\000E\000x\000i\000s\000t\000e\000n\000c\000e}{section.7.1}% 104
\BOOKMARK [2][-]{subsection.7.1.3}{\376\377\000U\000n\000i\000q\000u\000e\000n\000e\000s\000s\000\040\000R\000e\000s\000u\000l\000t\000s}{section.7.1}% 105
\BOOKMARK [2][-]{subsection.7.1.4}{\376\377\000S\000q\000u\000a\000r\000e\000\040\000E\000i\000g\000e\000n\000v\000a\000l\000u\000e\000\040\000T\000h\000e\000o\000r\000e\000m}{section.7.1}% 106
\BOOKMARK [2][-]{subsection.7.1.5}{\376\377\000P\000o\000s\000i\000t\000i\000v\000i\000t\000y\000\040\000o\000f\000\040\000S\000q\000u\000a\000r\000e\000\040\000E\000i\000g\000e\000n\000v\000a\000l\000u\000e\000s}{section.7.1}% 107
\BOOKMARK [0][-]{chapter.8}{\376\377\000R\000e\000v\000e\000r\000s\000i\000b\000i\000l\000i\000t\000y}{}% 108
\BOOKMARK [1][-]{section.8.1}{\376\377\000R\000e\000v\000e\000r\000s\000i\000b\000l\000e}{chapter.8}% 109
\BOOKMARK [0][-]{chapter.9}{\376\377\000C\000l\000a\000s\000s\000i\000f\000i\000c\000a\000t\000i\000o\000n}{}% 110
\BOOKMARK [1][-]{section.9.1}{\376\377\000C\000l\000a\000s\000s\000i\000f\000i\000c\000a\000t\000i\000o\000n\000:\000\040\000S\000i\000m\000p\000l\000e\000\040\000T\000y\000p\000e\000s}{chapter.9}% 111
\BOOKMARK [2][-]{subsection.9.1.1}{\376\377\000P\000r\000o\000p\000e\000r\000t\000i\000e\000s\000\040\000o\000f\000\040\000S\000i\000m\000p\000l\000e\000\040\000T\000y\000p\000e\000s}{section.9.1}% 112
\BOOKMARK [1][-]{section.9.2}{\376\377\000C\000l\000a\000s\000s\000i\000f\000i\000c\000a\000t\000i\000o\000n\000:\000\040\000R\000e\000a\000l\000\040\000S\000y\000m\000m\000e\000t\000r\000i\000c}{chapter.9}% 113
\BOOKMARK [1][-]{section.9.3}{\376\377\000C\000l\000a\000s\000s\000i\000f\000i\000c\000a\000t\000i\000o\000n\000:\000\040\000C\000o\000m\000p\000l\000e\000x\000\040\000H\000e\000r\000m\000i\000t\000i\000a\000n}{chapter.9}% 114
\BOOKMARK [2][-]{subsection.9.3.1}{\376\377\000N\000o\000n\000t\000r\000i\000v\000i\000a\000l\000i\000t\000y}{section.9.3}% 115
\BOOKMARK [2][-]{subsection.9.3.2}{\376\377\000S\000i\000m\000p\000l\000i\000c\000i\000t\000y}{section.9.3}% 116
\BOOKMARK [0][-]{chapter.10}{\376\377\000M\000a\000t\000r\000i\000x\000\040\000J\000o\000r\000d\000a\000n\000\040\000A\000l\000g\000e\000b\000r\000a\000s}{}% 117
\BOOKMARK [1][-]{section.10.1}{\376\377\000M\000a\000t\000r\000i\000x\000:\000\040\000J\000o\000r\000d\000a\000n\000\040\000P\000r\000o\000d\000u\000c\000t}{chapter.10}% 118
\BOOKMARK [2][-]{subsection.10.1.1}{\376\377\000B\000a\000s\000i\000c\000\040\000J\000o\000r\000d\000a\000n\000\040\000P\000r\000o\000d\000u\000c\000t}{section.10.1}% 119
\BOOKMARK [2][-]{subsection.10.1.2}{\376\377\000H\000e\000r\000m\000i\000t\000i\000a\000n\000\040\000M\000a\000t\000r\000i\000c\000e\000s}{section.10.1}% 120
\BOOKMARK [1][-]{section.10.2}{\376\377\000M\000a\000t\000r\000i\000x\000:\000\040\000I\000n\000s\000t\000a\000n\000c\000e}{chapter.10}% 121
\BOOKMARK [2][-]{subsection.10.2.1}{\376\377\000J\000o\000r\000d\000a\000n\000\040\000P\000r\000o\000d\000u\000c\000t\000\040\000o\000n\000\040\000H\000e\000r\000m\000i\000t\000i\000a\000n\000\040\000M\000a\000t\000r\000i\000c\000e\000s}{section.10.2}% 122
\BOOKMARK [2][-]{subsection.10.2.2}{\376\377\000J\000o\000r\000d\000a\000n\000\040\000I\000d\000e\000n\000t\000i\000t\000y}{section.10.2}% 123
\BOOKMARK [2][-]{subsection.10.2.3}{\376\377\000J\000o\000r\000d\000a\000n\000\040\000A\000l\000g\000e\000b\000r\000a\000\040\000I\000n\000s\000t\000a\000n\000c\000e}{section.10.2}% 124
\BOOKMARK [1][-]{section.10.3}{\376\377\000M\000a\000t\000r\000i\000x\000:\000\040\000F\000o\000r\000m\000a\000l\000l\000y\000\040\000R\000e\000a\000l}{chapter.10}% 125
\BOOKMARK [2][-]{subsection.10.3.1}{\376\377\000J\000o\000r\000d\000a\000n\000\040\000S\000q\000u\000a\000r\000e\000\040\000a\000s\000\040\000M\000a\000t\000r\000i\000x\000\040\000S\000q\000u\000a\000r\000e}{section.10.3}% 126
\BOOKMARK [2][-]{subsection.10.3.2}{\376\377\000Z\000e\000r\000o\000\040\000C\000h\000a\000r\000a\000c\000t\000e\000r\000i\000z\000a\000t\000i\000o\000n}{section.10.3}% 127
\BOOKMARK [2][-]{subsection.10.3.3}{\376\377\000S\000u\000m\000\040\000o\000f\000\040\000S\000q\000u\000a\000r\000e\000s\000\040\000C\000h\000a\000r\000a\000c\000t\000e\000r\000i\000z\000a\000t\000i\000o\000n}{section.10.3}% 128
\BOOKMARK [2][-]{subsection.10.3.4}{\376\377\000F\000o\000r\000m\000a\000l\000l\000y\000R\000e\000a\000l\000J\000o\000r\000d\000a\000n\000\040\000I\000n\000s\000t\000a\000n\000c\000e}{section.10.3}% 129
\BOOKMARK [1][-]{section.10.4}{\376\377\000M\000a\000t\000r\000i\000x\000:\000\040\000T\000r\000a\000c\000e}{chapter.10}% 130
\BOOKMARK [2][-]{subsection.10.4.1}{\376\377\000T\000r\000a\000c\000e\000\040\000I\000n\000n\000e\000r\000\040\000P\000r\000o\000d\000u\000c\000t\000\040\000D\000e\000f\000i\000n\000i\000t\000i\000o\000n}{section.10.4}% 131
\BOOKMARK [2][-]{subsection.10.4.2}{\376\377\000B\000a\000s\000i\000c\000\040\000P\000r\000o\000p\000e\000r\000t\000i\000e\000s}{section.10.4}% 132
\BOOKMARK [2][-]{subsection.10.4.3}{\376\377\000S\000e\000l\000f\000\040\000I\000n\000n\000e\000r\000\040\000P\000r\000o\000d\000u\000c\000t}{section.10.4}% 133
\BOOKMARK [2][-]{subsection.10.4.4}{\376\377\000T\000r\000a\000c\000e\000\040\000o\000f\000\040\000J\000o\000r\000d\000a\000n\000\040\000P\000r\000o\000d\000u\000c\000t}{section.10.4}% 134
\BOOKMARK [2][-]{subsection.10.4.5}{\376\377\000R\000e\000a\000l\000\040\000I\000n\000n\000e\000r\000\040\000P\000r\000o\000d\000u\000c\000t}{section.10.4}% 135
\BOOKMARK [1][-]{section.10.5}{\376\377\000M\000a\000t\000r\000i\000x\000:\000\040\000R\000e\000a\000l\000\040\000H\000e\000r\000m\000i\000t\000i\000a\000n}{chapter.10}% 136
\BOOKMARK [2][-]{subsection.10.5.1}{\376\377\000H\000e\000r\000m\000i\000t\000i\000a\000n\000\040\000a\000n\000d\000\040\000S\000y\000m\000m\000e\000t\000r\000i\000c\000\040\000E\000q\000u\000i\000v\000a\000l\000e\000n\000c\000e\000\040\000f\000o\000r\000\040\000R\000e\000a\000l\000\040\000M\000a\000t\000r\000i\000c\000e\000s}{section.10.5}% 137
\BOOKMARK [2][-]{subsection.10.5.2}{\376\377\000R\000e\000a\000l\000\040\000S\000y\000m\000m\000e\000t\000r\000i\000c\000\040\000M\000a\000t\000r\000i\000x\000\040\000T\000y\000p\000e}{section.10.5}% 138
\BOOKMARK [2][-]{subsection.10.5.3}{\376\377\000B\000a\000s\000i\000c\000\040\000P\000r\000o\000p\000e\000r\000t\000i\000e\000s}{section.10.5}% 139
\BOOKMARK [2][-]{subsection.10.5.4}{\376\377\000I\000n\000s\000t\000a\000n\000c\000e\000s}{section.10.5}% 140
\BOOKMARK [2][-]{subsection.10.5.5}{\376\377\000S\000p\000e\000c\000i\000a\000l\000\040\000M\000a\000t\000r\000i\000c\000e\000s}{section.10.5}% 141
\BOOKMARK [2][-]{subsection.10.5.6}{\376\377\000T\000r\000a\000c\000e\000\040\000I\000n\000n\000e\000r\000\040\000P\000r\000o\000d\000u\000c\000t}{section.10.5}% 142
\BOOKMARK [1][-]{section.10.6}{\376\377\000M\000a\000t\000r\000i\000x\000:\000\040\000C\000o\000m\000p\000l\000e\000x\000\040\000H\000e\000r\000m\000i\000t\000i\000a\000n}{chapter.10}% 143
\BOOKMARK [2][-]{subsection.10.6.1}{\376\377\000B\000a\000s\000i\000c\000\040\000P\000r\000o\000p\000e\000r\000t\000i\000e\000s}{section.10.6}% 144
\BOOKMARK [2][-]{subsection.10.6.2}{\376\377\000D\000i\000a\000g\000o\000n\000a\000l\000\040\000E\000n\000t\000r\000i\000e\000s\000\040\000a\000r\000e\000\040\000R\000e\000a\000l}{section.10.6}% 145
\BOOKMARK [2][-]{subsection.10.6.3}{\376\377\000I\000n\000s\000t\000a\000n\000c\000e\000s}{section.10.6}% 146
\BOOKMARK [2][-]{subsection.10.6.4}{\376\377\000S\000p\000e\000c\000i\000a\000l\000\040\000M\000a\000t\000r\000i\000c\000e\000s}{section.10.6}% 147
\BOOKMARK [2][-]{subsection.10.6.5}{\376\377\000T\000r\000a\000c\000e\000\040\000I\000n\000n\000e\000r\000\040\000P\000r\000o\000d\000u\000c\000t}{section.10.6}% 148
\BOOKMARK [0][-]{chapter.11}{\376\377\000Q\000u\000a\000t\000e\000r\000n\000i\000o\000n\000i\000c\000\040\000J\000o\000r\000d\000a\000n\000\040\000A\000l\000g\000e\000b\000r\000a\000s}{}% 149
\BOOKMARK [1][-]{section.11.1}{\376\377\000Q\000u\000a\000t\000e\000r\000n\000i\000o\000n\000:\000\040\000J\000o\000r\000d\000a\000n\000\040\000P\000r\000o\000d\000u\000c\000t}{chapter.11}% 150
\BOOKMARK [2][-]{subsection.11.1.1}{\376\377\000J\000o\000r\000d\000a\000n\000\040\000P\000r\000o\000d\000u\000c\000t\000\040\000D\000e\000f\000i\000n\000i\000t\000i\000o\000n}{section.11.1}% 151
\BOOKMARK [2][-]{subsection.11.1.2}{\376\377\000J\000o\000r\000d\000a\000n\000\040\000P\000r\000o\000d\000u\000c\000t\000\040\000P\000r\000o\000p\000e\000r\000t\000i\000e\000s}{section.11.1}% 152
\BOOKMARK [2][-]{subsection.11.1.3}{\376\377\000H\000e\000r\000m\000i\000t\000i\000a\000n\000\040\000P\000r\000e\000s\000e\000r\000v\000a\000t\000i\000o\000n}{section.11.1}% 153
\BOOKMARK [2][-]{subsection.11.1.4}{\376\377\000J\000o\000r\000d\000a\000n\000\040\000P\000r\000o\000d\000u\000c\000t\000\040\000o\000n\000\040\000Q\000u\000a\000t\000e\000r\000n\000i\000o\000n\000H\000e\000r\000m\000i\000t\000i\000a\000n\000M\000a\000t\000r\000i\000x}{section.11.1}% 154
\BOOKMARK [1][-]{section.11.2}{\376\377\000Q\000u\000a\000t\000e\000r\000n\000i\000o\000n\000:\000\040\000H\000e\000r\000m\000i\000t\000i\000a\000n\000\040\000M\000a\000t\000r\000i\000c\000e\000s}{chapter.11}% 155
\BOOKMARK [2][-]{subsection.11.2.1}{\376\377\000C\000h\000a\000r\000Z\000e\000r\000o\000\040\000I\000n\000s\000t\000a\000n\000c\000e}{section.11.2}% 156
\BOOKMARK [2][-]{subsection.11.2.2}{\376\377\000S\000t\000a\000r\000M\000o\000d\000u\000l\000e\000\040\000I\000n\000s\000t\000a\000n\000c\000e}{section.11.2}% 157
\BOOKMARK [2][-]{subsection.11.2.3}{\376\377\000S\000c\000a\000l\000a\000r\000-\000S\000t\000a\000r\000\040\000C\000o\000m\000m\000u\000t\000a\000t\000i\000v\000i\000t\000y}{section.11.2}% 158
\BOOKMARK [2][-]{subsection.11.2.4}{\376\377\000Q\000u\000a\000t\000e\000r\000n\000i\000o\000n\000i\000c\000\040\000H\000e\000r\000m\000i\000t\000i\000a\000n\000\040\000M\000a\000t\000r\000i\000x\000\040\000T\000y\000p\000e}{section.11.2}% 159
\BOOKMARK [2][-]{subsection.11.2.5}{\376\377\000B\000a\000s\000i\000c\000\040\000P\000r\000o\000p\000e\000r\000t\000i\000e\000s}{section.11.2}% 160
\BOOKMARK [2][-]{subsection.11.2.6}{\376\377\000D\000i\000a\000g\000o\000n\000a\000l\000\040\000E\000n\000t\000r\000i\000e\000s\000\040\000a\000r\000e\000\040\000R\000e\000a\000l}{section.11.2}% 161
\BOOKMARK [2][-]{subsection.11.2.7}{\376\377\000C\000o\000n\000j\000u\000g\000a\000t\000e\000\040\000T\000r\000a\000n\000s\000p\000o\000s\000e\000\040\000P\000r\000o\000p\000e\000r\000t\000i\000e\000s}{section.11.2}% 162
\BOOKMARK [2][-]{subsection.11.2.8}{\376\377\000S\000p\000e\000c\000i\000a\000l\000\040\000M\000a\000t\000r\000i\000c\000e\000s}{section.11.2}% 163
\BOOKMARK [1][-]{section.11.3}{\376\377\000Q\000u\000a\000t\000e\000r\000n\000i\000o\000n\000:\000\040\000I\000n\000s\000t\000a\000n\000c\000e}{chapter.11}% 164
\BOOKMARK [2][-]{subsection.11.3.1}{\376\377\000A\000d\000d\000i\000t\000i\000v\000i\000t\000y\000\040\000a\000t\000\040\000M\000a\000t\000r\000i\000x\000\040\000L\000e\000v\000e\000l}{section.11.3}% 165
\BOOKMARK [2][-]{subsection.11.3.2}{\376\377\000S\000c\000a\000l\000a\000r\000\040\000M\000u\000l\000t\000i\000p\000l\000i\000c\000a\000t\000i\000o\000n\000\040\000a\000t\000\040\000M\000a\000t\000r\000i\000x\000\040\000L\000e\000v\000e\000l}{section.11.3}% 166
\BOOKMARK [2][-]{subsection.11.3.3}{\376\377\000J\000o\000r\000d\000a\000n\000\040\000I\000d\000e\000n\000t\000i\000t\000y\000\040\000a\000t\000\040\000M\000a\000t\000r\000i\000x\000\040\000L\000e\000v\000e\000l}{section.11.3}% 167
\BOOKMARK [2][-]{subsection.11.3.4}{\376\377\000L\000i\000f\000t\000e\000d\000\040\000P\000r\000o\000p\000e\000r\000t\000i\000e\000s\000\040\000f\000o\000r\000\040\000Q\000u\000a\000t\000e\000r\000n\000i\000o\000n\000i\000c\000\040\000H\000e\000r\000m\000i\000t\000i\000a\000n\000\040\000M\000a\000t\000r\000i\000c\000e\000s}{section.11.3}% 168
\BOOKMARK [2][-]{subsection.11.3.5}{\376\377\000J\000o\000r\000d\000a\000n\000\040\000I\000d\000e\000n\000t\000i\000t\000y}{section.11.3}% 169
\BOOKMARK [2][-]{subsection.11.3.6}{\376\377\000J\000o\000r\000d\000a\000n\000A\000l\000g\000e\000b\000r\000a\000\040\000I\000n\000s\000t\000a\000n\000c\000e}{section.11.3}% 170
\BOOKMARK [1][-]{section.11.4}{\376\377\000Q\000u\000a\000t\000e\000r\000n\000i\000o\000n\000:\000\040\000F\000o\000r\000m\000a\000l\000l\000y\000\040\000R\000e\000a\000l}{chapter.11}% 171
\BOOKMARK [0][-]{chapter.12}{\376\377\000S\000p\000i\000n\000\040\000F\000a\000c\000t\000o\000r\000s}{}% 172
\BOOKMARK [1][-]{section.12.1}{\376\377\000S\000p\000i\000n\000\040\000F\000a\000c\000t\000o\000r\000:\000\040\000D\000e\000f\000i\000n\000i\000t\000i\000o\000n}{chapter.12}% 173
\BOOKMARK [2][-]{subsection.12.1.1}{\376\377\000J\000o\000r\000d\000a\000n\000\040\000P\000r\000o\000d\000u\000c\000t}{section.12.1}% 174
\BOOKMARK [2][-]{subsection.12.1.2}{\376\377\000C\000o\000m\000p\000o\000n\000e\000n\000t\000\040\000A\000c\000c\000e\000s\000s\000o\000r\000s}{section.12.1}% 175
\BOOKMARK [2][-]{subsection.12.1.3}{\376\377\000B\000a\000s\000i\000c\000\040\000P\000r\000o\000p\000e\000r\000t\000i\000e\000s}{section.12.1}% 176
\BOOKMARK [2][-]{subsection.12.1.4}{\376\377\000J\000o\000r\000d\000a\000n\000\040\000S\000q\000u\000a\000r\000e}{section.12.1}% 177
\BOOKMARK [2][-]{subsection.12.1.5}{\376\377\000J\000o\000r\000d\000a\000n\000\040\000I\000d\000e\000n\000t\000i\000t\000y}{section.12.1}% 178
\BOOKMARK [2][-]{subsection.12.1.6}{\376\377\000J\000o\000r\000d\000a\000n\000\040\000A\000l\000g\000e\000b\000r\000a\000\040\000I\000n\000s\000t\000a\000n\000c\000e}{section.12.1}% 179
\BOOKMARK [1][-]{section.12.2}{\376\377\000S\000p\000i\000n\000\040\000F\000a\000c\000t\000o\000r\000:\000\040\000F\000o\000r\000m\000a\000l\000l\000y\000\040\000R\000e\000a\000l}{chapter.12}% 180
\BOOKMARK [2][-]{subsection.12.2.1}{\376\377\000A\000u\000x\000i\000l\000i\000a\000r\000y\000\040\000L\000e\000m\000m\000a\000s}{section.12.2}% 181
\BOOKMARK [2][-]{subsection.12.2.2}{\376\377\000K\000e\000y\000\040\000L\000e\000m\000m\000a\000s}{section.12.2}% 182
\BOOKMARK [2][-]{subsection.12.2.3}{\376\377\000C\000o\000n\000n\000e\000c\000t\000i\000o\000n\000\040\000t\000o\000\040\000J\000o\000r\000d\000a\000n\000\040\000A\000l\000g\000e\000b\000r\000a}{section.12.2}% 183
\BOOKMARK [2][-]{subsection.12.2.4}{\376\377\000F\000o\000r\000m\000a\000l\000l\000y\000\040\000R\000e\000a\000l\000\040\000I\000n\000s\000t\000a\000n\000c\000e}{section.12.2}% 184
