\BOOKMARK [1][-]{section.1}{\376\377\000P\000r\000o\000b\000l\000e\000m\000\040\000S\000t\000a\000t\000e\000m\000e\000n\000t}{}% 1
\BOOKMARK [2][-]{subsection.1.1}{\376\377\000B\000a\000c\000k\000g\000r\000o\000u\000n\000d\000:\000\040\000W\000i\000l\000d\000e\000'\000s\000\040\000C\000o\000n\000j\000e\000c\000t\000u\000r\000e}{section.1}% 2
\BOOKMARK [2][-]{subsection.1.2}{\376\377\000T\000h\000e\000\040\000P\000a\000t\000h\000-\000I\000n\000t\000e\000g\000r\000a\000l\000\040\000R\000e\000p\000r\000e\000s\000e\000n\000t\000a\000t\000i\000o\000n}{section.1}% 3
\BOOKMARK [2][-]{subsection.1.3}{\376\377\000W\000h\000y\000\040\000T\000h\000i\000s\000\040\000M\000a\000t\000t\000e\000r\000s}{section.1}% 4
\BOOKMARK [1][-]{section.2}{\376\377\000D\000e\000f\000i\000n\000i\000t\000i\000o\000n\000s}{}% 5
\BOOKMARK [1][-]{section.3}{\376\377\000T\000h\000e\000\040\000P\000r\000o\000o\000f}{}% 6
\BOOKMARK [2][-]{subsection.3.1}{\376\377\000S\000t\000e\000p\000\040\0001\000:\000\040\000F\000u\000l\000l\000-\000R\000a\000n\000k\000\040\000A\000s\000s\000u\000m\000p\000t\000i\000o\000n}{section.3}% 7
\BOOKMARK [2][-]{subsection.3.2}{\376\377\000S\000t\000e\000p\000\040\0002\000:\000\040\000C\000E\000-\000R\000E\000\040\000I\000d\000e\000n\000t\000i\000t\000y}{section.3}% 8
\BOOKMARK [2][-]{subsection.3.3}{\376\377\000S\000t\000e\000p\000\040\0003\000:\000\040\000F\000u\000n\000d\000a\000m\000e\000n\000t\000a\000l\000\040\000T\000h\000e\000o\000r\000e\000m\000\040\000o\000f\000\040\000C\000a\000l\000c\000u\000l\000u\000s}{section.3}% 9
\BOOKMARK [2][-]{subsection.3.4}{\376\377\000S\000t\000e\000p\000\040\0004\000:\000\040\000D\000e\000r\000i\000v\000a\000t\000i\000v\000e\000\040\000o\000f\000\040\000C\000o\000n\000d\000i\000t\000i\000o\000n\000a\000l\000\040\000E\000n\000t\000r\000o\000p\000y}{section.3}% 10
\BOOKMARK [2][-]{subsection.3.5}{\376\377\000S\000t\000e\000p\000\040\0005\000a\000:\000\040\000F\000o\000r\000w\000a\000r\000d\000\040\000H\000o\000c\000k\000e\000y\000-\000S\000t\000i\000c\000k\000\040\000D\000e\000r\000i\000v\000a\000t\000i\000v\000e}{section.3}% 11
\BOOKMARK [2][-]{subsection.3.6}{\376\377\000S\000t\000e\000p\000\040\0005\000b\000:\000\040\000R\000e\000v\000e\000r\000s\000e\000\040\000H\000o\000c\000k\000e\000y\000-\000S\000t\000i\000c\000k\000\040\000D\000e\000r\000i\000v\000a\000t\000i\000v\000e}{section.3}% 12
\BOOKMARK [2][-]{subsection.3.7}{\376\377\000S\000t\000e\000p\000\040\0006\000:\000\040\000D\000e\000r\000i\000v\000a\000t\000i\000v\000e\000\040\000v\000i\000a\000\040\000F\000r\000e\000n\000k\000e\000l\000\040\000F\000o\000r\000m\000u\000l\000a\000\040\000\050\000C\000o\000r\000r\000e\000c\000t\000e\000d\000\051}{section.3}% 13
\BOOKMARK [2][-]{subsection.3.8}{\376\377\000S\000t\000e\000p\000\040\0007\000:\000\040\000A\000s\000s\000e\000m\000b\000l\000y\000\040\000o\000f\000\040\000t\000h\000e\000\040\000M\000a\000i\000n\000\040\000R\000e\000s\000u\000l\000t}{section.3}% 14
\BOOKMARK [2][-]{subsection.3.9}{\376\377\000E\000r\000r\000a\000t\000u\000m\000:\000\040\000T\000h\000e\000\040\000v\0003\000\040\000E\000r\000r\000o\000r\000\040\000a\000n\000d\000\040\000I\000t\000s\000\040\000C\000o\000r\000r\000e\000c\000t\000i\000o\000n}{section.3}% 15
\BOOKMARK [1][-]{section.4}{\376\377\000C\000u\000r\000r\000e\000n\000t\000\040\000S\000t\000a\000t\000u\000s}{}% 16
\BOOKMARK [2][-]{subsection.4.1}{\376\377\000N\000o\000d\000e\000\040\000S\000t\000a\000t\000i\000s\000t\000i\000c\000s}{section.4}% 17
\BOOKMARK [2][-]{subsection.4.2}{\376\377\000C\000h\000a\000l\000l\000e\000n\000g\000e\000\040\000S\000t\000a\000t\000i\000s\000t\000i\000c\000s}{section.4}% 18
\BOOKMARK [1][-]{section.5}{\376\377\000S\000e\000s\000s\000i\000o\000n\000\040\000H\000i\000s\000t\000o\000r\000y}{}% 19
\BOOKMARK [2][-]{subsection.5.1}{\376\377\000P\000r\000i\000o\000r\000\040\000S\000e\000s\000s\000i\000o\000n\000s\000\040\000\050\000v\0001\040\023\000v\0003\000\051}{section.5}% 20
\BOOKMARK [2][-]{subsection.5.2}{\376\377\000C\000u\000r\000r\000e\000n\000t\000\040\000S\000e\000s\000s\000i\000o\000n\000\040\000\050\000v\0004\000\040\000C\000o\000r\000r\000e\000c\000t\000i\000o\000n\000\051}{section.5}% 21
\BOOKMARK [1][-]{section.6}{\376\377\000O\000p\000e\000n\000\040\000O\000b\000l\000i\000g\000a\000t\000i\000o\000n\000s}{}% 22
\BOOKMARK [1][-]{section.7}{\376\377\000E\000x\000t\000e\000r\000n\000a\000l\000\040\000R\000e\000f\000e\000r\000e\000n\000c\000e\000s}{}% 23
\BOOKMARK [1][-]{appendix.A}{\376\377\000F\000u\000l\000l\000\040\000P\000r\000o\000o\000f\000\040\000T\000r\000e\000e}{}% 24
\BOOKMARK [1][-]{appendix.B}{\376\377\000C\000o\000m\000p\000l\000e\000t\000e\000\040\000C\000h\000a\000l\000l\000e\000n\000g\000e\000\040\000L\000i\000s\000t}{}% 25
\BOOKMARK [1][-]{appendix.C}{\376\377\000A\000s\000s\000e\000s\000s\000m\000e\000n\000t\000\040\000o\000f\000\040\000C\000o\000r\000r\000e\000c\000t\000n\000e\000s\000s}{}% 26
\BOOKMARK [2][-]{subsection.C.1}{\376\377\000W\000h\000a\000t\000\040\000I\000s\000\040\000P\000r\000o\000v\000e\000n}{appendix.C}% 27
\BOOKMARK [2][-]{subsection.C.2}{\376\377\000W\000h\000a\000t\000\040\000R\000e\000m\000a\000i\000n\000s\000\040\000f\000o\000r\000\040\000C\000o\000n\000t\000i\000n\000u\000i\000t\000y\000\040\000B\000o\000u\000n\000d\000s}{appendix.C}% 28
